[2026-06-06 06:14:18Z INFO HostContext] No proxy settings were found based on environmental variables (http_proxy/https_proxy/HTTP_PROXY/HTTPS_PROXY)
[2026-06-06 06:14:18Z INFO HostContext] Well known directory 'Bin': 'C:\Users\Jean\AulaCI_POS\pgats-ci\actions-runner\bin'
[2026-06-06 06:14:18Z INFO HostContext] Well known directory 'Root': 'C:\Users\Jean\AulaCI_POS\pgats-ci\actions-runner'
[2026-06-06 06:14:18Z INFO HostContext] Well known config file 'Credentials': 'C:\Users\Jean\AulaCI_POS\pgats-ci\actions-runner\.credentials'
[2026-06-06 06:14:18Z INFO HostContext] Well known directory 'Bin': 'C:\Users\Jean\AulaCI_POS\pgats-ci\actions-runner\bin'
[2026-06-06 06:14:18Z INFO HostContext] Well known directory 'Root': 'C:\Users\Jean\AulaCI_POS\pgats-ci\actions-runner'
[2026-06-06 06:14:18Z INFO HostContext] Well known config file 'Runner': 'C:\Users\Jean\AulaCI_POS\pgats-ci\actions-runner\.runner'
[2026-06-06 06:14:18Z INFO Listener] Runner is built for Windows (X64) - win-x64.
[2026-06-06 06:14:18Z INFO Listener] RuntimeInformation: Microsoft Windows 10.0.19045.
[2026-06-06 06:14:18Z INFO Listener] Version: 2.334.0
[2026-06-06 06:14:18Z INFO Listener] Commit: f1995ede5d885c997d13d8eca5467c4ce97fe69c
[2026-06-06 06:14:18Z INFO Listener] Culture: pt-BR
[2026-06-06 06:14:18Z INFO Listener] UI Culture: pt-BR
[2026-06-06 06:14:18Z INFO HostContext] Well known directory 'Bin': 'C:\Users\Jean\AulaCI_POS\pgats-ci\actions-runner\bin'
[2026-06-06 06:14:18Z INFO HostContext] Well known directory 'Root': 'C:\Users\Jean\AulaCI_POS\pgats-ci\actions-runner'
[2026-06-06 06:14:18Z INFO Listener] Validating directory permissions for: 'C:\Users\Jean\AulaCI_POS\pgats-ci\actions-runner'
[2026-06-06 06:14:18Z INFO CommandLineParser] Parse
[2026-06-06 06:14:18Z INFO CommandLineParser] Parsing 5 args
[2026-06-06 06:14:18Z INFO CommandLineParser] parsing argument
[2026-06-06 06:14:18Z INFO CommandLineParser] HasArgs: False
[2026-06-06 06:14:18Z INFO CommandLineParser] Adding Command: configure
[2026-06-06 06:14:18Z INFO CommandLineParser] parsing argument
[2026-06-06 06:14:18Z INFO CommandLineParser] HasArgs: True
[2026-06-06 06:14:18Z INFO CommandLineParser] arg: url
[2026-06-06 06:14:18Z INFO CommandLineParser] parsing argument
[2026-06-06 06:14:18Z INFO CommandLineParser] HasArgs: True
[2026-06-06 06:14:18Z INFO CommandLineParser] Adding option 'url': 'https://github.com/jeanfelippe/pgats-ci'
[2026-06-06 06:14:18Z INFO CommandLineParser] parsing argument
[2026-06-06 06:14:18Z INFO CommandLineParser] HasArgs: True
[2026-06-06 06:14:18Z INFO CommandLineParser] arg: token
[2026-06-06 06:14:18Z INFO CommandLineParser] parsing argument
[2026-06-06 06:14:18Z INFO CommandLineParser] HasArgs: True
[2026-06-06 06:14:18Z INFO CommandLineParser] Adding option 'token': '***'
[2026-06-06 06:14:18Z INFO Listener] Arguments parsed
[2026-06-06 06:14:18Z INFO Runner] ExecuteCommand
[2026-06-06 06:14:18Z INFO ConfigurationStore] currentAssemblyLocation: C:\Users\Jean\AulaCI_POS\pgats-ci\actions-runner\bin\Runner.Listener.dll
[2026-06-06 06:14:18Z INFO HostContext] Well known directory 'Bin': 'C:\Users\Jean\AulaCI_POS\pgats-ci\actions-runner\bin'
[2026-06-06 06:14:18Z INFO ConfigurationStore] binPath: C:\Users\Jean\AulaCI_POS\pgats-ci\actions-runner\bin
[2026-06-06 06:14:18Z INFO HostContext] Well known directory 'Bin': 'C:\Users\Jean\AulaCI_POS\pgats-ci\actions-runner\bin'
[2026-06-06 06:14:18Z INFO HostContext] Well known directory 'Root': 'C:\Users\Jean\AulaCI_POS\pgats-ci\actions-runner'
[2026-06-06 06:14:18Z INFO ConfigurationStore] RootFolder: C:\Users\Jean\AulaCI_POS\pgats-ci\actions-runner
[2026-06-06 06:14:18Z INFO HostContext] Well known directory 'Bin': 'C:\Users\Jean\AulaCI_POS\pgats-ci\actions-runner\bin'
[2026-06-06 06:14:18Z INFO HostContext] Well known directory 'Root': 'C:\Users\Jean\AulaCI_POS\pgats-ci\actions-runner'
[2026-06-06 06:14:18Z INFO HostContext] Well known config file 'Runner': 'C:\Users\Jean\AulaCI_POS\pgats-ci\actions-runner\.runner'
[2026-06-06 06:14:18Z INFO ConfigurationStore] ConfigFilePath: C:\Users\Jean\AulaCI_POS\pgats-ci\actions-runner\.runner
[2026-06-06 06:14:18Z INFO HostContext] Well known directory 'Bin': 'C:\Users\Jean\AulaCI_POS\pgats-ci\actions-runner\bin'
[2026-06-06 06:14:18Z INFO HostContext] Well known directory 'Root': 'C:\Users\Jean\AulaCI_POS\pgats-ci\actions-runner'
[2026-06-06 06:14:18Z INFO HostContext] Well known config file 'MigratedRunner': 'C:\Users\Jean\AulaCI_POS\pgats-ci\actions-runner\.runner_migrated'
[2026-06-06 06:14:18Z INFO ConfigurationStore] MigratedConfigFilePath: C:\Users\Jean\AulaCI_POS\pgats-ci\actions-runner\.runner_migrated
[2026-06-06 06:14:18Z INFO HostContext] Well known directory 'Bin': 'C:\Users\Jean\AulaCI_POS\pgats-ci\actions-runner\bin'
[2026-06-06 06:14:18Z INFO HostContext] Well known directory 'Root': 'C:\Users\Jean\AulaCI_POS\pgats-ci\actions-runner'
[2026-06-06 06:14:18Z INFO HostContext] Well known config file 'Credentials': 'C:\Users\Jean\AulaCI_POS\pgats-ci\actions-runner\.credentials'
[2026-06-06 06:14:18Z INFO ConfigurationStore] CredFilePath: C:\Users\Jean\AulaCI_POS\pgats-ci\actions-runner\.credentials
[2026-06-06 06:14:18Z INFO HostContext] Well known directory 'Bin': 'C:\Users\Jean\AulaCI_POS\pgats-ci\actions-runner\bin'
[2026-06-06 06:14:18Z INFO HostContext] Well known directory 'Root': 'C:\Users\Jean\AulaCI_POS\pgats-ci\actions-runner'
[2026-06-06 06:14:18Z INFO HostContext] Well known config file 'MigratedCredentials': 'C:\Users\Jean\AulaCI_POS\pgats-ci\actions-runner\.credentials_migrated'
[2026-06-06 06:14:18Z INFO ConfigurationStore] MigratedCredFilePath: C:\Users\Jean\AulaCI_POS\pgats-ci\actions-runner\.credentials_migrated
[2026-06-06 06:14:18Z INFO HostContext] Well known directory 'Bin': 'C:\Users\Jean\AulaCI_POS\pgats-ci\actions-runner\bin'
[2026-06-06 06:14:18Z INFO HostContext] Well known directory 'Root': 'C:\Users\Jean\AulaCI_POS\pgats-ci\actions-runner'
[2026-06-06 06:14:18Z INFO HostContext] Well known config file 'Service': 'C:\Users\Jean\AulaCI_POS\pgats-ci\actions-runner\.service'
[2026-06-06 06:14:18Z INFO ConfigurationStore] ServiceConfigFilePath: C:\Users\Jean\AulaCI_POS\pgats-ci\actions-runner\.service
[2026-06-06 06:14:18Z INFO CommandSettings] Flag 'help': 'False'
[2026-06-06 06:14:18Z INFO CommandSettings] Flag 'version': 'False'
[2026-06-06 06:14:18Z INFO CommandSettings] Flag 'commit': 'False'
[2026-06-06 06:14:18Z INFO CommandSettings] Flag 'check': 'False'
[2026-06-06 06:14:18Z INFO CommandSettings] Command 'configure': 'True'
[2026-06-06 06:14:18Z INFO Terminal] WRITE LINE: 
[2026-06-06 06:14:18Z INFO Terminal] WRITE LINE: --------------------------------------------------------------------------------
[2026-06-06 06:14:18Z INFO Terminal] WRITE LINE: |        ____ _ _   _   _       _          _        _   _                      |
[2026-06-06 06:14:18Z INFO Terminal] WRITE LINE: |       / ___(_) |_| | | |_   _| |__      / \   ___| |_(_) ___  _ __  ___      |
[2026-06-06 06:14:18Z INFO Terminal] WRITE LINE: |      | |  _| | __| |_| | | | | '_ \    / _ \ / __| __| |/ _ \| '_ \/ __|     |
[2026-06-06 06:14:18Z INFO Terminal] WRITE LINE: |      | |_| | | |_|  _  | |_| | |_) |  / ___ \ (__| |_| | (_) | | | \__ \     |
[2026-06-06 06:14:18Z INFO Terminal] WRITE LINE: |       \____|_|\__|_| |_|\__,_|_.__/  /_/   \_\___|\__|_|\___/|_| |_|___/     |
[2026-06-06 06:14:18Z INFO Terminal] WRITE LINE: |                                                                              |
[2026-06-06 06:14:18Z INFO Terminal] WRITE: |                       
[2026-06-06 06:14:18Z INFO Terminal] WRITE: Self-hosted runner registration
[2026-06-06 06:14:18Z INFO Terminal] WRITE LINE:                         |
[2026-06-06 06:14:18Z INFO Terminal] WRITE LINE: |                                                                              |
[2026-06-06 06:14:18Z INFO Terminal] WRITE LINE: --------------------------------------------------------------------------------
[2026-06-06 06:14:18Z INFO ConfigurationManager] ConfigureAsync
[2026-06-06 06:14:18Z INFO CommandSettings] Flag 'generateServiceConfig': 'False'
[2026-06-06 06:14:18Z INFO ConfigurationStore] IsConfigured()
[2026-06-06 06:14:18Z INFO ConfigurationStore] IsConfigured: False
[2026-06-06 06:14:18Z INFO ConfigurationManager] Is configured: False
[2026-06-06 06:14:18Z INFO CommandSettings] Arg 'url': 'https://github.com/jeanfelippe/pgats-ci'
[2026-06-06 06:14:18Z INFO CommandSettings] Remove url from Arg dictionary.
[2026-06-06 06:14:18Z INFO CommandSettings] Arg 'token': '***'
[2026-06-06 06:14:18Z INFO CommandSettings] Remove token from Arg dictionary.
[2026-06-06 06:14:19Z INFO ConfigurationManager] Http response code: OK from 'POST https://api.github.com/actions/runner-registration' (361D:323727:B3F20E:C54379:6A23BABB)
[2026-06-06 06:14:19Z INFO ConfigurationManager] Using runner-admin flow: False
[2026-06-06 06:14:19Z INFO ConfigurationManager] cred retrieved via GitHub auth
[2026-06-06 06:14:19Z INFO RunnerServer] EstablishVssConnection
[2026-06-06 06:14:19Z INFO RunnerServer] Establish connection with 100 seconds timeout.
[2026-06-06 06:14:19Z INFO GitHubActionsService] Starting operation Location.GetConnectionData
[2026-06-06 06:14:19Z INFO RunnerServer] EstablishVssConnection
[2026-06-06 06:14:19Z INFO RunnerServer] Establish connection with 60 seconds timeout.
[2026-06-06 06:14:19Z INFO GitHubActionsService] Starting operation Location.GetConnectionData
[2026-06-06 06:14:19Z INFO RunnerServer] EstablishVssConnection
[2026-06-06 06:14:19Z INFO RunnerServer] Establish connection with 60 seconds timeout.
[2026-06-06 06:14:19Z INFO GitHubActionsService] Starting operation Location.GetConnectionData
[2026-06-06 06:14:20Z INFO GitHubActionsService] Finished operation Location.GetConnectionData
[2026-06-06 06:14:20Z INFO GitHubActionsService] Finished operation Location.GetConnectionData
[2026-06-06 06:14:20Z INFO GitHubActionsService] Finished operation Location.GetConnectionData
[2026-06-06 06:14:20Z INFO Terminal] WRITE LINE: 
[2026-06-06 06:14:20Z INFO ConfigurationManager] Test Connection complete.
[2026-06-06 06:14:20Z INFO HostContext] Well known directory 'Bin': 'C:\Users\Jean\AulaCI_POS\pgats-ci\actions-runner\bin'
[2026-06-06 06:14:20Z INFO HostContext] Well known directory 'Root': 'C:\Users\Jean\AulaCI_POS\pgats-ci\actions-runner'
[2026-06-06 06:14:20Z INFO HostContext] Well known config file 'RSACredentials': 'C:\Users\Jean\AulaCI_POS\pgats-ci\actions-runner\.credentials_rsaparams'
[2026-06-06 06:14:20Z INFO RSAEncryptedFileKeyManager] Creating new RSA key using 2048-bit key length
[2026-06-06 06:14:20Z INFO RSAEncryptedFileKeyManager] Successfully saved RSA key parameters to file C:\Users\Jean\AulaCI_POS\pgats-ci\actions-runner\.credentials_rsaparams
[2026-06-06 06:14:20Z INFO CommandSettings] Arg 'runnergroup': ''
[2026-06-06 06:14:20Z INFO CommandSettings] Flag 'unattended': 'False'
[2026-06-06 06:14:20Z INFO PromptManager] ReadValue
[2026-06-06 06:14:20Z INFO Terminal] WRITE: Enter the name of the runner group to add this runner to: 
[2026-06-06 06:14:20Z INFO Terminal] WRITE: [press Enter for Default] 
[2026-06-06 06:14:20Z INFO Terminal] READ LINE
[2026-06-06 06:14:24Z INFO Terminal] Read value: ''
[2026-06-06 06:14:24Z INFO PromptManager] Falling back to the default: 'Default'
[2026-06-06 06:14:24Z INFO Terminal] WRITE LINE: 
[2026-06-06 06:14:24Z INFO ConfigurationManager] Found a self-hosted runner group with id 1 and name Default
[2026-06-06 06:14:24Z INFO CommandSettings] Flag 'disableupdate': 'False'
[2026-06-06 06:14:24Z INFO CommandSettings] Flag 'ephemeral': 'False'
[2026-06-06 06:14:24Z INFO CommandSettings] Arg 'name': ''
[2026-06-06 06:14:24Z INFO CommandSettings] Flag 'unattended': 'False'
[2026-06-06 06:14:24Z INFO PromptManager] ReadValue
[2026-06-06 06:14:24Z INFO Terminal] WRITE: Enter the name of runner: 
[2026-06-06 06:14:24Z INFO Terminal] WRITE: [press Enter for DESKTOP-89FF1E3] 
[2026-06-06 06:14:24Z INFO Terminal] READ LINE
[2026-06-06 06:14:28Z INFO Terminal] Read value: ''
[2026-06-06 06:14:28Z INFO PromptManager] Falling back to the default: 'DESKTOP-89FF1E3'
[2026-06-06 06:14:28Z INFO Terminal] WRITE LINE: 
[2026-06-06 06:14:28Z INFO CommandSettings] Arg 'labels': ''
[2026-06-06 06:14:28Z INFO CommandSettings] Flag 'unattended': 'False'
[2026-06-06 06:14:28Z INFO PromptManager] ReadValue
[2026-06-06 06:14:28Z INFO Terminal] WRITE: This runner will have the following labels: 'self-hosted', 'Windows', 'X64' 
Enter any additional labels (ex. label-1,label-2): 
[2026-06-06 06:14:28Z INFO Terminal] WRITE: [press Enter to skip] 
[2026-06-06 06:14:28Z INFO Terminal] READ LINE
[2026-06-06 06:14:45Z INFO Terminal] Read value: 'label-1'
[2026-06-06 06:14:45Z INFO Terminal] WRITE LINE: 
[2026-06-06 06:14:46Z INFO CommandSettings] Flag 'disableupdate': 'False'
[2026-06-06 06:14:46Z INFO CommandSettings] Flag 'no-default-labels': 'False'
[2026-06-06 06:14:46Z INFO CommandSettings] Flag 'disableupdate': 'False'
[2026-06-06 06:14:46Z INFO CommandSettings] Flag 'ephemeral': 'False'
[2026-06-06 06:14:46Z INFO ConfigurationStore] Saving OAuth credential @ C:\Users\Jean\AulaCI_POS\pgats-ci\actions-runner\.credentials
[2026-06-06 06:14:46Z INFO ConfigurationStore] Credentials Saved.
[2026-06-06 06:14:46Z INFO ConfigurationManager] Service enforced serverUrlV2: https://broker.actions.githubusercontent.com/
[2026-06-06 06:14:46Z INFO ConfigurationManager] Service enforced useV2Flow: True
[2026-06-06 06:14:46Z INFO CommandSettings] Arg 'work': ''
[2026-06-06 06:14:46Z INFO CommandSettings] Flag 'unattended': 'False'
[2026-06-06 06:14:46Z INFO PromptManager] ReadValue
[2026-06-06 06:14:46Z INFO Terminal] WRITE: Enter name of work folder: 
[2026-06-06 06:14:46Z INFO Terminal] WRITE: [press Enter for _work] 
[2026-06-06 06:14:46Z INFO Terminal] READ LINE
[2026-06-06 06:14:50Z INFO Terminal] Read value: ''
[2026-06-06 06:14:50Z INFO PromptManager] Falling back to the default: '_work'
[2026-06-06 06:14:50Z INFO ConfigurationStore] Saving runner settings.
[2026-06-06 06:14:50Z INFO ConfigurationStore] Settings Saved.
[2026-06-06 06:14:50Z INFO Terminal] WRITE LINE: 
[2026-06-06 06:14:50Z INFO Terminal] WRITE LINE: 
[2026-06-06 06:14:50Z INFO CommandSettings] Flag 'runasservice': 'False'
[2026-06-06 06:14:50Z INFO CommandSettings] Flag 'unattended': 'False'
[2026-06-06 06:14:50Z INFO PromptManager] ReadValue
[2026-06-06 06:14:50Z INFO Terminal] WRITE: Would you like to run the runner as service? (Y/N) 
[2026-06-06 06:14:50Z INFO Terminal] WRITE: [press Enter for N] 
[2026-06-06 06:14:50Z INFO Terminal] READ LINE
[2026-06-06 06:14:56Z INFO Terminal] Read value: 'Y'
[2026-06-06 06:14:56Z INFO ConfigurationManager] Configuring to run the agent as service
[2026-06-06 06:14:56Z INFO CommandSettings] Arg 'windowslogonaccount': ''
[2026-06-06 06:14:56Z INFO CommandSettings] Flag 'unattended': 'False'
[2026-06-06 06:14:56Z INFO PromptManager] ReadValue
[2026-06-06 06:14:56Z INFO Terminal] WRITE: User account to use for the service 
[2026-06-06 06:14:56Z INFO Terminal] WRITE: [press Enter for AUTORIDADE NT\SERVIÇO DE REDE] 
[2026-06-06 06:14:56Z INFO Terminal] READ LINE
[2026-06-06 06:15:02Z INFO Terminal] Read value: ''
[2026-06-06 06:15:02Z INFO PromptManager] Falling back to the default: 'AUTORIDADE NT\SERVIÇO DE REDE'
[2026-06-06 06:15:02Z INFO WindowsServiceControlManager] LogonAccount after transforming: AUTORIDADE NT\SERVIÇO DE REDE, user: SERVIÇO DE REDE, domain: AUTORIDADE NT
[2026-06-06 06:15:02Z INFO WindowsServiceControlManager] Service name 'actions.runner.jeanfelippe-pgats-ci.DESKTOP-89FF1E3' display name 'GitHub Actions Runner (jeanfelippe-pgats-ci.DESKTOP-89FF1E3)' will be used for service configuration.
[2026-06-06 06:15:02Z INFO WindowsServiceControlManager] Verifying if the account has LogonAsService permission
[2026-06-06 06:15:02Z INFO NativeWindowsServiceHelper] Successfully grant logon as service privilege to account 'SERVIÇO DE REDE'
[2026-06-06 06:15:02Z INFO WindowsServiceControlManager] Create local group and grant folder permission to service logon account.
[2026-06-06 06:15:02Z INFO HostContext] Well known directory 'Bin': 'C:\Users\Jean\AulaCI_POS\pgats-ci\actions-runner\bin'
[2026-06-06 06:15:02Z INFO HostContext] Well known directory 'Root': 'C:\Users\Jean\AulaCI_POS\pgats-ci\actions-runner'
[2026-06-06 06:15:02Z INFO ConfigurationStore] Read setting file: 399 chars
[2026-06-06 06:15:02Z INFO HostContext] Well known directory 'Bin': 'C:\Users\Jean\AulaCI_POS\pgats-ci\actions-runner\bin'
[2026-06-06 06:15:02Z INFO HostContext] Well known directory 'Root': 'C:\Users\Jean\AulaCI_POS\pgats-ci\actions-runner'
[2026-06-06 06:15:02Z INFO HostContext] Well known directory 'Work': 'C:\Users\Jean\AulaCI_POS\pgats-ci\actions-runner\_work'
[2026-06-06 06:15:02Z INFO HostContext] Well known directory 'Bin': 'C:\Users\Jean\AulaCI_POS\pgats-ci\actions-runner\bin'
[2026-06-06 06:15:02Z INFO NativeWindowsServiceHelper] Calculated unique group name GITHUB_ActionsRunner_G03bbe
[2026-06-06 06:15:02Z INFO NativeWindowsServiceHelper] Trying to create group GITHUB_ActionsRunner_G03bbe
[2026-06-06 06:15:02Z INFO NativeWindowsServiceHelper] Local Group 'GITHUB_ActionsRunner_G03bbe' created
[2026-06-06 06:15:02Z INFO NativeWindowsServiceHelper] Trying to add userName AUTORIDADE NT\SERVIÇO DE REDE to the group GITHUB_ActionsRunner_G03bbe
[2026-06-06 06:15:02Z INFO NativeWindowsServiceHelper] Account 'AUTORIDADE NT\SERVIÇO DE REDE' is added to local group 'GITHUB_ActionsRunner_G03bbe'.
[2026-06-06 06:15:02Z INFO NativeWindowsServiceHelper] Set full access control to group for the folder C:\Users\Jean\AulaCI_POS\pgats-ci\actions-runner
[2026-06-06 06:15:02Z INFO NativeWindowsServiceHelper] Set full access control to group for the folder C:\Users\Jean\AulaCI_POS\pgats-ci\actions-runner\_work
[2026-06-06 06:15:02Z INFO NativeWindowsServiceHelper] Local group 'GITHUB_ActionsRunner_G03bbe' already has full control to path 'C:\Users\Jean\AulaCI_POS\pgats-ci\actions-runner\_work'.
[2026-06-06 06:15:02Z INFO Terminal] WRITE LINE: Granting file permissions to 'AUTORIDADE NT\SERVIÇO DE REDE'.
[2026-06-06 06:15:02Z INFO HostContext] Well known directory 'Bin': 'C:\Users\Jean\AulaCI_POS\pgats-ci\actions-runner\bin'
[2026-06-06 06:15:02Z INFO ProcessInvokerWrapper] Starting process:
[2026-06-06 06:15:02Z INFO ProcessInvokerWrapper]   File name: '"C:\Users\Jean\AulaCI_POS\pgats-ci\actions-runner\bin\RunnerService.exe"'
[2026-06-06 06:15:02Z INFO ProcessInvokerWrapper]   Arguments: 'init'
[2026-06-06 06:15:02Z INFO ProcessInvokerWrapper]   Working directory: ''
[2026-06-06 06:15:02Z INFO ProcessInvokerWrapper]   Require exit code zero: 'True'
[2026-06-06 06:15:02Z INFO ProcessInvokerWrapper]   Encoding web name:  ; code page: ''
[2026-06-06 06:15:02Z INFO ProcessInvokerWrapper]   Force kill process on cancellation: 'False'
[2026-06-06 06:15:02Z INFO ProcessInvokerWrapper]   Redirected STDIN: 'False'
[2026-06-06 06:15:02Z INFO ProcessInvokerWrapper]   Persist current code page: 'False'
[2026-06-06 06:15:02Z INFO ProcessInvokerWrapper]   Keep redirected STDIN open: 'False'
[2026-06-06 06:15:02Z INFO ProcessInvokerWrapper]   High priority process: 'False'
[2026-06-06 06:15:02Z INFO ProcessInvokerWrapper] Process started with process id 26276, waiting for process exit.
[2026-06-06 06:15:02Z INFO ProcessInvokerWrapper] STDOUT/STDERR stream read finished.
[2026-06-06 06:15:02Z INFO ProcessInvokerWrapper] STDOUT/STDERR stream read finished.
[2026-06-06 06:15:02Z INFO ProcessInvokerWrapper] Finished process 26276 with exit code 0, and elapsed time 00:00:00.2663744.
[2026-06-06 06:15:02Z INFO Terminal] WRITE LINE: Service actions.runner.jeanfelippe-pgats-ci.DESKTOP-89FF1E3 successfully installed
[2026-06-06 06:15:02Z INFO Terminal] WRITE LINE: Service actions.runner.jeanfelippe-pgats-ci.DESKTOP-89FF1E3 successfully set recovery option
[2026-06-06 06:15:02Z INFO Terminal] WRITE LINE: Service actions.runner.jeanfelippe-pgats-ci.DESKTOP-89FF1E3 successfully set to delayed auto start
[2026-06-06 06:15:02Z INFO Terminal] WRITE LINE: Service actions.runner.jeanfelippe-pgats-ci.DESKTOP-89FF1E3 successfully configured
[2026-06-06 06:15:02Z INFO HostContext] Well known directory 'Bin': 'C:\Users\Jean\AulaCI_POS\pgats-ci\actions-runner\bin'
[2026-06-06 06:15:02Z INFO HostContext] Well known directory 'Root': 'C:\Users\Jean\AulaCI_POS\pgats-ci\actions-runner'
[2026-06-06 06:15:02Z INFO HostContext] Well known config file 'Service': 'C:\Users\Jean\AulaCI_POS\pgats-ci\actions-runner\.service'
[2026-06-06 06:15:02Z INFO WindowsServiceControlManager] Configuration was successful, trying to start the service
[2026-06-06 06:15:03Z ERR  NativeWindowsServiceHelper] System.InvalidOperationException: Cannot start service 'actions.runner.jeanfelippe-pgats-ci.DESKTOP-89FF1E3' on computer '.'.
 ---> System.ComponentModel.Win32Exception (1068): Não foi possível iniciar o serviço ou grupo de dependência.
   --- End of inner exception stack trace ---
   at System.ServiceProcess.ServiceController.Start(String[] args)
   at System.ServiceProcess.ServiceController.Start()
   at GitHub.Runner.Listener.Configuration.NativeWindowsServiceHelper.StartService(String serviceName)
[2026-06-06 06:15:03Z ERR  NativeWindowsServiceHelper] #####################################################
[2026-06-06 06:15:03Z ERR  NativeWindowsServiceHelper] System.ComponentModel.Win32Exception (1068): Não foi possível iniciar o serviço ou grupo de dependência.
[2026-06-06 06:15:03Z ERR  Terminal] WRITE ERROR: Cannot start the service. Check the logs for more details.
[2026-06-06 06:15:03Z ERR  Runner] System.InvalidOperationException: Cannot start service 'actions.runner.jeanfelippe-pgats-ci.DESKTOP-89FF1E3' on computer '.'.
 ---> System.ComponentModel.Win32Exception (1068): Não foi possível iniciar o serviço ou grupo de dependência.
   --- End of inner exception stack trace ---
   at System.ServiceProcess.ServiceController.Start(String[] args)
   at System.ServiceProcess.ServiceController.Start()
   at GitHub.Runner.Listener.Configuration.NativeWindowsServiceHelper.StartService(String serviceName)
   at GitHub.Runner.Listener.Configuration.WindowsServiceControlManager.ConfigureService(RunnerSettings settings, CommandSettings command)
   at GitHub.Runner.Listener.Configuration.ConfigurationManager.ConfigureAsync(CommandSettings command)
   at GitHub.Runner.Listener.Runner.ExecuteCommand(CommandSettings command)
[2026-06-06 06:15:03Z ERR  Runner] #####################################################
[2026-06-06 06:15:03Z ERR  Runner] System.ComponentModel.Win32Exception (1068): Não foi possível iniciar o serviço ou grupo de dependência.
[2026-06-06 06:15:03Z ERR  Terminal] WRITE ERROR: Cannot start service 'actions.runner.jeanfelippe-pgats-ci.DESKTOP-89FF1E3' on computer '.'.
[2026-06-06 06:15:03Z INFO Listener] Runner execution has finished with return code 1
