[2026-06-06 06:14:07Z INFO HostContext] No proxy settings were found based on environmental variables (http_proxy/https_proxy/HTTP_PROXY/HTTPS_PROXY)
[2026-06-06 06:14:07Z INFO HostContext] Well known directory 'Bin': 'C:\Users\Jean\AulaCI_POS\pgats-ci\actions-runner\bin'
[2026-06-06 06:14:07Z INFO HostContext] Well known directory 'Root': 'C:\Users\Jean\AulaCI_POS\pgats-ci\actions-runner'
[2026-06-06 06:14:07Z INFO HostContext] Well known config file 'Credentials': 'C:\Users\Jean\AulaCI_POS\pgats-ci\actions-runner\.credentials'
[2026-06-06 06:14:07Z INFO HostContext] Well known directory 'Bin': 'C:\Users\Jean\AulaCI_POS\pgats-ci\actions-runner\bin'
[2026-06-06 06:14:07Z INFO HostContext] Well known directory 'Root': 'C:\Users\Jean\AulaCI_POS\pgats-ci\actions-runner'
[2026-06-06 06:14:07Z INFO HostContext] Well known config file 'Runner': 'C:\Users\Jean\AulaCI_POS\pgats-ci\actions-runner\.runner'
[2026-06-06 06:14:07Z INFO Listener] Runner is built for Windows (X64) - win-x64.
[2026-06-06 06:14:07Z INFO Listener] RuntimeInformation: Microsoft Windows 10.0.19045.
[2026-06-06 06:14:07Z INFO Listener] Version: 2.334.0
[2026-06-06 06:14:07Z INFO Listener] Commit: f1995ede5d885c997d13d8eca5467c4ce97fe69c
[2026-06-06 06:14:07Z INFO Listener] Culture: pt-BR
[2026-06-06 06:14:07Z INFO Listener] UI Culture: pt-BR
[2026-06-06 06:14:07Z INFO HostContext] Well known directory 'Bin': 'C:\Users\Jean\AulaCI_POS\pgats-ci\actions-runner\bin'
[2026-06-06 06:14:07Z INFO HostContext] Well known directory 'Root': 'C:\Users\Jean\AulaCI_POS\pgats-ci\actions-runner'
[2026-06-06 06:14:07Z INFO Listener] Validating directory permissions for: 'C:\Users\Jean\AulaCI_POS\pgats-ci\actions-runner'
[2026-06-06 06:14:07Z INFO CommandLineParser] Parse
[2026-06-06 06:14:07Z INFO CommandLineParser] Parsing 5 args
[2026-06-06 06:14:07Z INFO CommandLineParser] parsing argument
[2026-06-06 06:14:07Z INFO CommandLineParser] HasArgs: False
[2026-06-06 06:14:07Z INFO CommandLineParser] Adding Command: remove
[2026-06-06 06:14:07Z INFO CommandLineParser] parsing argument
[2026-06-06 06:14:07Z INFO CommandLineParser] HasArgs: True
[2026-06-06 06:14:07Z INFO CommandLineParser] arg: url
[2026-06-06 06:14:07Z INFO CommandLineParser] parsing argument
[2026-06-06 06:14:07Z INFO CommandLineParser] HasArgs: True
[2026-06-06 06:14:07Z INFO CommandLineParser] Adding option 'url': 'https://github.com/jeanfelippe/pgats-ci'
[2026-06-06 06:14:07Z INFO CommandLineParser] parsing argument
[2026-06-06 06:14:07Z INFO CommandLineParser] HasArgs: True
[2026-06-06 06:14:07Z INFO CommandLineParser] arg: token
[2026-06-06 06:14:07Z INFO CommandLineParser] parsing argument
[2026-06-06 06:14:07Z INFO CommandLineParser] HasArgs: True
[2026-06-06 06:14:07Z INFO CommandLineParser] Adding option 'token': '***'
[2026-06-06 06:14:07Z INFO Listener] Arguments parsed
[2026-06-06 06:14:07Z INFO CommandSettings] Command 'configure': 'False'
[2026-06-06 06:14:07Z INFO CommandSettings] Command 'remove': 'True'
[2026-06-06 06:14:07Z ERR  Terminal] WRITE ERROR: Unrecognized command-line input arguments for command remove: 'url'. For usage refer to: .\config.cmd --help or ./config.sh --help
[2026-06-06 06:14:07Z INFO Runner] ExecuteCommand
[2026-06-06 06:14:07Z INFO ConfigurationStore] currentAssemblyLocation: C:\Users\Jean\AulaCI_POS\pgats-ci\actions-runner\bin\Runner.Listener.dll
[2026-06-06 06:14:07Z INFO HostContext] Well known directory 'Bin': 'C:\Users\Jean\AulaCI_POS\pgats-ci\actions-runner\bin'
[2026-06-06 06:14:07Z INFO ConfigurationStore] binPath: C:\Users\Jean\AulaCI_POS\pgats-ci\actions-runner\bin
[2026-06-06 06:14:07Z INFO HostContext] Well known directory 'Bin': 'C:\Users\Jean\AulaCI_POS\pgats-ci\actions-runner\bin'
[2026-06-06 06:14:07Z INFO HostContext] Well known directory 'Root': 'C:\Users\Jean\AulaCI_POS\pgats-ci\actions-runner'
[2026-06-06 06:14:07Z INFO ConfigurationStore] RootFolder: C:\Users\Jean\AulaCI_POS\pgats-ci\actions-runner
[2026-06-06 06:14:07Z INFO HostContext] Well known directory 'Bin': 'C:\Users\Jean\AulaCI_POS\pgats-ci\actions-runner\bin'
[2026-06-06 06:14:07Z INFO HostContext] Well known directory 'Root': 'C:\Users\Jean\AulaCI_POS\pgats-ci\actions-runner'
[2026-06-06 06:14:07Z INFO HostContext] Well known config file 'Runner': 'C:\Users\Jean\AulaCI_POS\pgats-ci\actions-runner\.runner'
[2026-06-06 06:14:07Z INFO ConfigurationStore] ConfigFilePath: C:\Users\Jean\AulaCI_POS\pgats-ci\actions-runner\.runner
[2026-06-06 06:14:07Z INFO HostContext] Well known directory 'Bin': 'C:\Users\Jean\AulaCI_POS\pgats-ci\actions-runner\bin'
[2026-06-06 06:14:07Z INFO HostContext] Well known directory 'Root': 'C:\Users\Jean\AulaCI_POS\pgats-ci\actions-runner'
[2026-06-06 06:14:07Z INFO HostContext] Well known config file 'MigratedRunner': 'C:\Users\Jean\AulaCI_POS\pgats-ci\actions-runner\.runner_migrated'
[2026-06-06 06:14:07Z INFO ConfigurationStore] MigratedConfigFilePath: C:\Users\Jean\AulaCI_POS\pgats-ci\actions-runner\.runner_migrated
[2026-06-06 06:14:07Z INFO HostContext] Well known directory 'Bin': 'C:\Users\Jean\AulaCI_POS\pgats-ci\actions-runner\bin'
[2026-06-06 06:14:07Z INFO HostContext] Well known directory 'Root': 'C:\Users\Jean\AulaCI_POS\pgats-ci\actions-runner'
[2026-06-06 06:14:07Z INFO HostContext] Well known config file 'Credentials': 'C:\Users\Jean\AulaCI_POS\pgats-ci\actions-runner\.credentials'
[2026-06-06 06:14:07Z INFO ConfigurationStore] CredFilePath: C:\Users\Jean\AulaCI_POS\pgats-ci\actions-runner\.credentials
[2026-06-06 06:14:07Z INFO HostContext] Well known directory 'Bin': 'C:\Users\Jean\AulaCI_POS\pgats-ci\actions-runner\bin'
[2026-06-06 06:14:07Z INFO HostContext] Well known directory 'Root': 'C:\Users\Jean\AulaCI_POS\pgats-ci\actions-runner'
[2026-06-06 06:14:07Z INFO HostContext] Well known config file 'MigratedCredentials': 'C:\Users\Jean\AulaCI_POS\pgats-ci\actions-runner\.credentials_migrated'
[2026-06-06 06:14:07Z INFO ConfigurationStore] MigratedCredFilePath: C:\Users\Jean\AulaCI_POS\pgats-ci\actions-runner\.credentials_migrated
[2026-06-06 06:14:07Z INFO HostContext] Well known directory 'Bin': 'C:\Users\Jean\AulaCI_POS\pgats-ci\actions-runner\bin'
[2026-06-06 06:14:07Z INFO HostContext] Well known directory 'Root': 'C:\Users\Jean\AulaCI_POS\pgats-ci\actions-runner'
[2026-06-06 06:14:07Z INFO HostContext] Well known config file 'Service': 'C:\Users\Jean\AulaCI_POS\pgats-ci\actions-runner\.service'
[2026-06-06 06:14:07Z INFO ConfigurationStore] ServiceConfigFilePath: C:\Users\Jean\AulaCI_POS\pgats-ci\actions-runner\.service
[2026-06-06 06:14:07Z INFO CommandSettings] Flag 'help': 'False'
[2026-06-06 06:14:07Z INFO CommandSettings] Flag 'version': 'False'
[2026-06-06 06:14:07Z INFO CommandSettings] Flag 'commit': 'False'
[2026-06-06 06:14:07Z INFO CommandSettings] Flag 'check': 'False'
[2026-06-06 06:14:07Z INFO CommandSettings] Command 'configure': 'False'
[2026-06-06 06:14:07Z INFO CommandSettings] Command 'remove': 'True'
[2026-06-06 06:14:07Z INFO CommandSettings] Flag 'local': 'False'
[2026-06-06 06:14:07Z INFO ConfigurationStore] IsServiceConfigured()
[2026-06-06 06:14:07Z INFO ConfigurationStore] IsServiceConfigured: False
[2026-06-06 06:14:07Z INFO ConfigurationStore] IsConfigured()
[2026-06-06 06:14:07Z INFO ConfigurationStore] IsConfigured: True
[2026-06-06 06:14:07Z INFO ConfigurationStore] HasCredentials()
[2026-06-06 06:14:07Z INFO ConfigurationStore] stored True
[2026-06-06 06:14:07Z INFO ConfigurationStore] Read setting file: 399 chars
[2026-06-06 06:14:07Z INFO CommandSettings] Arg 'token': '***'
[2026-06-06 06:14:07Z INFO CommandSettings] Remove token from Arg dictionary.
[2026-06-06 06:14:08Z INFO ConfigurationManager] Http response code: OK from 'POST https://api.github.com/actions/runner-registration' (3612:18A6A4:A202FB:B34E1F:6A23BAB0)
[2026-06-06 06:14:08Z INFO ConfigurationManager] cred retrieved via GitHub auth
[2026-06-06 06:14:08Z INFO RunnerServer] EstablishVssConnection
[2026-06-06 06:14:08Z INFO RunnerServer] Establish connection with 100 seconds timeout.
[2026-06-06 06:14:08Z INFO GitHubActionsService] Starting operation Location.GetConnectionData
[2026-06-06 06:14:08Z INFO RunnerServer] EstablishVssConnection
[2026-06-06 06:14:08Z INFO RunnerServer] Establish connection with 60 seconds timeout.
[2026-06-06 06:14:08Z INFO GitHubActionsService] Starting operation Location.GetConnectionData
[2026-06-06 06:14:08Z INFO RunnerServer] EstablishVssConnection
[2026-06-06 06:14:08Z INFO RunnerServer] Establish connection with 60 seconds timeout.
[2026-06-06 06:14:08Z INFO GitHubActionsService] Starting operation Location.GetConnectionData
[2026-06-06 06:14:08Z INFO GitHubActionsService] Finished operation Location.GetConnectionData
[2026-06-06 06:14:08Z INFO GitHubActionsService] Finished operation Location.GetConnectionData
[2026-06-06 06:14:08Z INFO GitHubActionsService] Finished operation Location.GetConnectionData
[2026-06-06 06:14:09Z INFO Terminal] WRITE LINE: 
[2026-06-06 06:14:09Z INFO ConfigurationStore] IsConfigured()
[2026-06-06 06:14:09Z INFO ConfigurationStore] IsConfigured: True
[2026-06-06 06:14:09Z INFO ConfigurationStore] HasCredentials()
[2026-06-06 06:14:09Z INFO ConfigurationStore] stored True
[2026-06-06 06:14:09Z INFO HostContext] Well known directory 'Bin': 'C:\Users\Jean\AulaCI_POS\pgats-ci\actions-runner\bin'
[2026-06-06 06:14:09Z INFO HostContext] Well known directory 'Root': 'C:\Users\Jean\AulaCI_POS\pgats-ci\actions-runner'
[2026-06-06 06:14:09Z INFO HostContext] Well known config file 'RSACredentials': 'C:\Users\Jean\AulaCI_POS\pgats-ci\actions-runner\.credentials_rsaparams'
[2026-06-06 06:14:09Z INFO RSAEncryptedFileKeyManager] Deleting RSA key parameters file C:\Users\Jean\AulaCI_POS\pgats-ci\actions-runner\.credentials_rsaparams
[2026-06-06 06:14:09Z INFO Terminal] WRITE LINE: 
[2026-06-06 06:14:09Z INFO Listener] Runner execution has finished with return code 0
